// Jest Snapshot v1, https://goo.gl/fbAQLP

exports[`renders InputView correctly 1`] = `
<View
  style={
    {
      "marginBottom": 16,
    }
  }
>
  <Text
    style={
      [
        {
          "color": "#9E9E9E",
          "fontSize": 12,
          "fontWeight": "600",
        },
        null,
      ]
    }
  >
    Label
  </Text>
  <TextInput
    inputMode="none"
    onChangeText={[Function]}
    placeholder="Placeholder"
    style={
      [
        {
          "borderColor": "#e0e0e0",
          "borderRadius": 10,
          "borderWidth": 1.5,
          "height": 40,
          "marginBottom": 4,
          "paddingHorizontal": 10,
          "width": "100%",
        },
        null,
      ]
    }
    value=""
  />
</View>
`;
