// Jest Snapshot v1, https://goo.gl/fbAQLP

exports[`renders ConfirmationDialog correctly 1`] = `
<Modal
  animationType="slide"
  hardwareAccelerated={false}
  onRequestClose={[MockFunction]}
  transparent={true}
  visible={true}
>
  <View
    style={
      {
        "alignItems": "center",
        "flex": 1,
        "justifyContent": "center",
      }
    }
  >
    <View
      style={
        {
          "alignItems": "center",
          "backgroundColor": "white",
          "borderRadius": 10,
          "elevation": 5,
          "margin": 20,
          "padding": 20,
        }
      }
    >
      <Text>
        Are you sure?
      </Text>
      <View
        style={
          {
            "flexDirection": "row",
            "marginTop": 20,
          }
        }
      >
        <View
          accessibilityState={
            {
              "busy": undefined,
              "checked": undefined,
              "disabled": undefined,
              "expanded": undefined,
              "selected": undefined,
            }
          }
          accessibilityValue={
            {
              "max": undefined,
              "min": undefined,
              "now": undefined,
              "text": undefined,
            }
          }
          accessible={true}
          collapsable={false}
          focusable={true}
          onClick={[Function]}
          onResponderGrant={[Function]}
          onResponderMove={[Function]}
          onResponderRelease={[Function]}
          onResponderTerminate={[Function]}
          onResponderTerminationRequest={[Function]}
          onStartShouldSetResponder={[Function]}
          style={
            {
              "borderColor": "gray",
              "borderRadius": 5,
              "borderWidth": 1,
              "marginHorizontal": 10,
              "opacity": 1,
              "padding": 10,
            }
          }
        >
          <Text>
            Cancel
          </Text>
        </View>
        <View
          accessibilityState={
            {
              "busy": undefined,
              "checked": undefined,
              "disabled": undefined,
              "expanded": undefined,
              "selected": undefined,
            }
          }
          accessibilityValue={
            {
              "max": undefined,
              "min": undefined,
              "now": undefined,
              "text": undefined,
            }
          }
          accessible={true}
          collapsable={false}
          focusable={true}
          onClick={[Function]}
          onResponderGrant={[Function]}
          onResponderMove={[Function]}
          onResponderRelease={[Function]}
          onResponderTerminate={[Function]}
          onResponderTerminationRequest={[Function]}
          onStartShouldSetResponder={[Function]}
          style={
            {
              "borderColor": "gray",
              "borderRadius": 5,
              "borderWidth": 1,
              "marginHorizontal": 10,
              "opacity": 1,
              "padding": 10,
            }
          }
        >
          <Text>
            Confirm
          </Text>
        </View>
      </View>
    </View>
  </View>
</Modal>
`;
